[dotenv@17.2.3] injecting env (3) from .env.local -- tip: ÔÜÖ´©Å  override existing env vars with { override: true }
Using Key: eyJhbGciOi...
­ƒöä Setting up test environment using RPC...
Calling test_setup_product...
ÔØî Setup Failed: column "code" does not exist
Details: {"code":"42703","details":null,"hint":null,"message":"column \"code\" does not exist"}
node : CRITICAL 
FAILURE: Setup 
Failed: column "code" 
does not exist
At line:1 char:1
+ node scripts/dist/st
ress-test-integrity.js
 > test_output.txt 
2>&1
+ ~~~~~~~~~~~~~~~~~~~~
~~~~~~~~~~~~~~~~~~~~~~
~~~~~~~~~~~~~~~~~~~~~~
~
    + CategoryInfo    
          : NotSpeci  
  fied: (CRITICAL F   
 AILUR... does not    
 exist:String) []    
, RemoteException
    + FullyQualifiedE 
   rrorId : NativeCo  
  mmandError
 
Assertion failed: 
!(handle->flags & 
UV_HANDLE_CLOSING), 
file src\win\async.c, 
line 76
